######################################################################
# GPU-initiated NVMe-KV -> Ceph/RADOS  (Strix Halo gfx1151, Thu Jun 11 08:41:42 AM UTC 2026)
# rocm-xio nvme-ep --kv-op  ->  pci-mmio-bridge  ->  SPDK kvdev_rados  ->  Ceph
######################################################################

### host: GPU bound to vfio-pci, kernel 6.19.10-300.fc44.x86_64 ###
bd:00.0 Display controller [0380]: Advanced Micro Devices, Inc. [AMD/ATI] Strix Halo [Radeon Graphics / Radeon 8050S Graphics / Radeon 8060S Graphics] [1002:1586] (rev c1)
	Kernel driver in use: vfio-pci

### GPU-initiated KV STORE (full output) ###
rdma_ep: Could not open libibverbs.so. RDMA endpoint disabled.
Detecting PCI MMIO bridge BDF
Found Red Hat device 0000:00:08.0: vendor=0x1b36, device=0x15 (MATCH - PCI MMIO bridge)
Found Red Hat device 0000:00:03.0: vendor=0x1b36, device=0xc (expected device=0x15)
Found Red Hat device 0000:00:02.0: vendor=0x1b36, device=0xc (expected device=0x15)
PCI MMIO bridge detection: checked 12 devices, skipped 0 entries
Detected PCI MMIO bridge at 0000:00:08.0 (BDF: 0x0040)
Detected PCI BDF for /dev/nvme0 (/dev/nvme0): 0000:02:00.0 (BDF: 0x0200)
Model: AMD Radeon Graphics
GPU Device ID: 0
GPU Wall Clock Rate: 100000 KHz
GPU Clock Period: 10.000 ns
CPU Clock: CLOCK_MONOTONIC
CPU Clock Resolution: 1.000 ns
Using endpoint: nvme-ep
Description: nvme endpoint
Iterations: 1
Threads: 1
Memory Mode: 8 (GPU write: host, CPU write: host, Doorbell: host)
SQE size: 64 bytes
CQE size: 16 bytes
SQE length: 1024 entries
CQE length: 1024 entries
NVMe controller /dev/nvme0 (/dev/nvme0, PCI 0000:02:00.0): VID=0x4e58, DID=0x0001 -> PASSTHROUGH
NVMe controller /dev/nvme0 (/dev/nvme0, PCI 0000:02:00.0): VID=0x4e58, DID=0x0001 -> PASSTHROUGH
Warning: No valid timing data collected

Test completed successfully!

### RADOS object verification ###
6770756b65793031
kvpool/6770756b65793031 mtime 2026-06-11T08:41:43.000000+0000, size 4096

######################################################################
# WAVEFRONT multi-key KV (driveEndpointKvWavefront, rocm-xio 0aef15c)
# 4 keys per doorbell ring -> SPDK kvdev_rados -> Ceph
######################################################################
### STORE --keys shard0..shard3 --batch-size 4 (full output) ###
Detecting PCI MMIO bridge BDF
Detected PCI MMIO bridge at 0000:00:08.0 (BDF: 0x0040)
Detected PCI BDF for /dev/nvme0 (/dev/nvme0): 0000:02:00.0 (BDF: 0x0200)
Model: AMD Radeon Graphics
GPU Device ID: 0
Memory Mode: 0 (GPU write: host, CPU write: host, Doorbell: host)
SQE length: 1024 entries
CQE length: 1024 entries
NVMe controller /dev/nvme0 (/dev/nvme0, PCI 0000:02:00.0): VID=0x4e58, DID=0x0001 -> PASSTHROUGH
Warning: No valid timing data collected

Test completed successfully!

### 4 RADOS objects (one per key), single batched mtime ###
  shard0: kvpool/736861726430 mtime 2026-06-11T08:55:38.000000+0000, size 4096
  shard1: kvpool/736861726431 mtime 2026-06-11T08:55:38.000000+0000, size 4096
  shard2: kvpool/736861726432 mtime 2026-06-11T08:55:38.000000+0000, size 4096
  shard3: kvpool/736861726433 mtime 2026-06-11T08:55:38.000000+0000, size 4096

### RETRIEVE --keys shard0..shard3 --batch-size 4 (note key_idx=0 length-0 bug) ###
KV retrieve OK: key_idx=0 returned value length = 4096 bytes
KV retrieve OK: key_idx=1 returned value length = 4096 bytes
KV retrieve OK: key_idx=2 returned value length = 4096 bytes
KV retrieve OK: key_idx=3 returned value length = 4096 bytes
Test completed successfully!

######################################################################
# BUGFIX: KV retrieve DW0 torn read (key_idx=0 returned 0)
# nvme-ep.hip: fence + re-read CQE after observing phase flip, before cdw0
######################################################################
### after fix — wavefront retrieve (all 4 correct) ###
KV retrieve OK: key_idx=0 returned value length = 4096 bytes
KV retrieve OK: key_idx=1 returned value length = 4096 bytes
KV retrieve OK: key_idx=2 returned value length = 4096 bytes
KV retrieve OK: key_idx=3 returned value length = 4096 bytes
### serial single-key retrieve (was 0, now correct) ###
KV retrieve OK: returned value length = 4096 bytes

### the patch (git diff) ###
diff --git a/src/endpoints/nvme-ep/nvme-ep.hip b/src/endpoints/nvme-ep/nvme-ep.hip
index 46fef41..dc3187e 100644
--- a/src/endpoints/nvme-ep/nvme-ep.hip
+++ b/src/endpoints/nvme-ep/nvme-ep.hip
@@ -914,6 +914,12 @@ __device__ static void driveEndpointKv(const XioEndpointConfig& config,
       }
       cqe_new = nvme_ep::cqeRead(cqe_entry);
       if (NVME_CQE_STATUS_PHASE(cqe_new.status) == expected_phase) {
+        // Acquire: the phase bit is the CQE last dword, but cqeRead copies
+        // cdw0 first — one read can capture a stale cdw0 (0) with the
+        // freshly-flipped phase. Fence + re-read so DW0 (KV value length)
+        // is coherent before use.
+        __threadfence_system();
+        cqe_new = nvme_ep::cqeRead(cqe_entry);
         break;
       }
       if (++poll_count >= NVME_EP_MAX_POLLS) {
@@ -1148,6 +1154,12 @@ __device__ static void driveEndpointKvWavefront(
           }
           cqe_new = nvme_ep::cqeRead(cqe_entry);
           if (NVME_CQE_STATUS_PHASE(cqe_new.status) == expected_phase) {
+            // Acquire: the phase bit is the CQE last dword, but cqeRead copies
+            // cdw0 first — one read can capture a stale cdw0 (0) with the
+            // freshly-flipped phase. Fence + re-read so DW0 (KV value length)
+            // is coherent before use.
+            __threadfence_system();
+            cqe_new = nvme_ep::cqeRead(cqe_entry);
             break;
           }
           poll_count++;

######################################################################
# NICER CAPTURE: recognizable payload + mode-8 retrieve into VRAM
######################################################################
### mode-0 store, seeded LFSR (--lfsr-seed 0xC0FFEE) -> GPU-written bytes in Ceph ###
00000000: 543c f4ed 6793 fd9e 806b 6a17 7cc9 44e9  T<..g....kj.|.D.
00000010: 6b50 02fb e02b 1108 314d ca9a 30a8 f2e9  kP...+..1M..0...
00000020: 3de4 43e4 1340 1515 6b05 d5c1 4a86 ef61  =.C..@..k...J..a
sha256(value) = ea1b6431195efd1c6f238d8f09f715556f7c721e750af1af0773cc1873ca5d73
### mode-8 retrieve into VRAM (P2PDMA) ###
rocm-xio: Passthrough NVMe (0000:02:00.0) - using P2PDMA IOVA
rocm-xio: P2PDMA address: 0x120c00000 (size: 2097152)
KV retrieve OK: returned value length = 4096 bytes
Iterations: 50   Average: 991 us/IO   (bridge poll-interval-ns = 1,000,000 = 1 ms)

######################################################################
# HEADLINE: mode-8 KV retrieve into VRAM at 10us bridge poll (no reboot tax)
######################################################################
KV retrieve OK: returned value length = 4096 bytes
Iterations: 50   Average: 140.21 us/IO   (poll-interval-ns=10000)
rocm-xio: P2PDMA address: 0x11c200000 (size: 2097152)
=> ~7x lower than the 991 us/IO seen at the 1ms poll; now RADOS-bound,
   matching the block path's 136 us. Bridge is no longer the limiter.

######################################################################
# LARGER-IO SWEEP (2026-06-11 PM): multi-page KV values, GPU-initiated
# GPU PRP chaining added to nvme-ep (calculatePrps + host pool); rebuilt
# xio-tester in-guest (no VM restart). Bridge poll-interval-ns=10000.
######################################################################
### store (mode-0, --lfsr-seed 0xC0FFEE) -> RADOS object, then
### retrieve (mode-8, into VRAM/P2PDMA, --read-io 50) -> returned length + latency
value-size      retrieve length     avg latency     RADOS object (size)
4096            4096 bytes          133.03 us/IO    kvpool/737765657034303936         size 4096
16384           16384 bytes         107.59 us/IO    kvpool/73776565703136333834       size 16384
65536           65536 bytes         140.27 us/IO    kvpool/73776565703635353336       size 65536
131072          131072 bytes        134.40 us/IO    kvpool/7377656570313331303732     size 131072
# Latency ~flat (110-140 us) across 4 KiB..128 KiB => RADOS-bound, not transfer-bound.
# 128 KiB / 134.4 us ~= 975 MB/s on a single serial GPU-initiated KV retrieve.

### CEILING: SPDK vfio-user transport caps any IO at 128 KiB (32 x 4 KiB pages).
# >128 KiB returns NVMe Internal Error (sc=0x06); GPU kernel __builtin_trap()s on it.
# nvmf_tgt log:  vfio_user.c:717 nvme_cmd_map_prps: *ERROR*: Too many page entries
# Cause: include/spdk/nvmf_transport.h
#   SPDK_NVMF_MAX_SGL_ENTRIES = 16
#   NVMF_REQ_MAX_BUFFERS      = SPDK_NVMF_MAX_SGL_ENTRIES*2 + 1 = 33
#   NVMF_VFIO_USER_DEFAULT_MAX_IO_SIZE = (33-1) << 12 = 128 KiB
# Also: SPDK nvme_cmd_map_prps reads the PRP list as a flat contiguous array
# from prp2 (gpa_to_vva(prp2, nents*8)); it does NOT follow per-page PRP chain
# pointers. So 4 MiB needs BOTH a max-buffers bump AND chain-following (or a
# physically-contiguous flat list) on the SPDK side. GPU side (chaining) is done
# and verified non-regressing (4K single-page + 8K..128K multi-page-single-list).

######################################################################
# 64 MiB SUPPORT — BUILT & UNIT-VALIDATED (2026-06-11 PM), reboot-gated
######################################################################
# Goal: lift the GPU-initiated KV path from the 128 KiB SPDK ceiling to 64 MiB.
#
# Changes (all built; live target still the OLD binary until restart):
# 1. SPDK (mmgaggle/spdk@rados-nkv), lib/nvmf/vfio_user.c + include/spdk/nvmf_transport.h:
#    - nvme_cmd_map_prps(): rewritten to FOLLOW PRP CHAINS and COALESCE
#      physically-contiguous pages into one iov per run. A contiguous buffer
#      (GPU VRAM P2P region) of any size collapses to a single data iov.
#    - NVMF_VFIO_USER_MAX_IOVECS decoupled from NVMF_REQ_MAX_BUFFERS and raised
#      to 128 (holds the transient per-PRP-list-page MAP_R mappings while a
#      chained list is walked; ~32 for 64 MiB). NVMF_REQ_MAX_BUFFERS left at 33
#      (it is ABI-size-checked via struct spdk_nvmf_ctrlr; uint8_t iovcnt caps
#      data iovs at 255 anyway — coalescing keeps it ~2).
#    - NVMF_VFIO_USER_DEFAULT_MAX_IO_SIZE decoupled -> 64 MiB; IO_UNIT_SIZE 128 KiB.
#    - Unit test test_nvme_cmd_map_prps rewritten for coalescing + a 4 MiB
#      CHAINED-list case -> ret==2 (PRP1 + one coalesced data iov). 43/43 PASS.
#    - kvdev_rados already defaults max_value_len = 64 MiB (ADR-0002); osd_max_
#      object_size = 128 MiB. No backend change needed.
# 2. rocm-xio (mmgaggle@nvme-kv):
#    - nvme-ep PRP-list CHAINING (calculatePrps + host pool prpListPagesPerCmd)
#      so the GPU emits a spec-correct chained list for >512-page values.
#    - xio-common.hip per-page phys resolver: heap scratch table (was stack[1024]
#      = 4 MiB cap) so mode-0 host-buffer stores resolve up to 64 MiB.
#    Rebuilt in-guest; verified non-regressing 4 KiB..128 KiB e2e on the OLD target.
#
# REMAINING (needs reboot — restarting nvmf_tgt drops the guest's live vfio-user
# /dev/nvme0, so the VM must relaunch -> burns the one-shot GPU -> host reboot):
#   Post-reboot one-shot recipe (stage ALL before the single GPU VM launch):
#   1. boot grub index 1 (GPU->vfio); sudo modprobe vfio-pci; confirm /dev/vfio/27
#   2. vstart Ceph + `ceph osd pool create kvpool`
#   3. start the NEW nvmf_tgt (build/bin/nvmf_tgt, dated >= 2026-06-11 17:08) with
#      LD_LIBRARY_PATH=ceph/build/lib; `scripts/rados-nkv up ... --pool kvpool
#      --namespace gpukv` (uses 64 MiB kvdev default).
#   4. **HOST-SIDE PRE-CHECK before launching the GPU VM** (don't waste the shot):
#      drive a >128 KiB (e.g. 4 MiB and 64 MiB) KV store/retrieve from a host
#      KV client (kv_host_shim) against the new target; confirm no "Too many page
#      entries" and correct lengths. Only then launch the GPU VM.
#   5. launch GPU VM; in guest rebuild not needed (binary already carries chaining
#      + resolver fix from this session — but re-scp if the qcow2 was rebuilt).
#   6. GPU 64 MiB capture:
#      - HEADLINE: mode-8 retrieve into VRAM (contiguous => coalesces to 1 iov):
#        xio-tester -m 8 --pci-mmio-bridge nvme-ep --controller /dev/nvme0 \
#          --kv-op retrieve --key gpukey64m --value-size 67108864 \
#          --data-buffer-size 67108864 --read-io 20   (expect length 67108864)
#      - store-verify: mode-0 store up to 64 MiB now resolves per-page phys;
#        rados -p kvpool -N gpukv stat <hex key> => size 67108864.
#   Notes: mode-8 VRAM P2P region must be >= 64 MiB (--data-buffer-size). Latency
#   will be RADOS/transfer-bound; report MiB/s (throughput) not just us/IO.

######################################################################
# 64 MiB RUN (2026-06-12, post-reboot, NEW nvmf_tgt + rocm-xio chaining)
######################################################################
## HOST-SIDE pre-check (no GPU): NIXL rados_nkv_roundtrip_test (kv_host_shim)
## against the live vfio-user target -> WRITE(KV store)+READ(KV retrieve)+byte-verify:
##    42 B        : PASS
##    4 MiB       : PASS  (verified 4194304 bytes match)
##    64 MiB      : PASS  (verified 67108864 bytes match)
##    target log "Too many page entries": 0   <-- old code capped at 128 KiB
## => SPDK vfio-user chain-follow + coalesce + kvdev_rados + RADOS handle 64 MiB
##    end-to-end. THE REQUESTED 64 MiB BOOST IS VALIDATED (host side).

## GPU-INITIATED mode-8 retrieve into VRAM (P2PDMA), --read-io 20, bridge 10us:
##    value-size   returned len     avg latency     throughput
##    1 MiB        1048576   ✓      410.31 us       ~2.56 GB/s
##    4 MiB        4194304   ✓      744.00 us       ~5.64 GB/s
##    16 MiB       16777216  ✓      9.72 ms         ~1.73 GB/s
##    32 MiB       --              GUEST KERNEL OOPS (crash)
##    64 MiB       --              GUEST KERNEL OOPS (crash)
##  (1/4 MiB objects placed via `rados put` into kvpool/gpukv at oid=hex(key).)

## GPU CEILING ~16-32 MiB: large GPU-initiated transfers fault the GUEST amdgpu
## driver, NOT the SPDK/rocm-xio data path:
##    BUG: unable to handle page fault ...
##    RIP: kgd2kfd_interrupt+0xc9 [amdgpu]
##     amdgpu_amdkfd_interrupt -> amdgpu_irq_dispatch -> amdgpu_ih_process
##     -> amdgpu_irq_handler
## i.e. an amdgpu KFD interrupt-handler fault under large P2P load (ROCm 7.2 /
## gfx1151 guest). The 16 MiB point already shows latency degrading (1.7 GB/s vs
## 5.6 GB/s at 4 MiB) -- the onset of the same stress. 16 MiB crash -> guest
## SOFT-rebooted and amdgpu re-initialized fine (SMU clean on soft-reboot). 32 MiB
## crash -> kernel oops cascade + `-no-reboot` -> QEMU exited (VM down; GPU now
## needs a host reboot to recover).

## GPU-initiated STORE: mode-0 host buffer is physically fragmented, so its PRP
## addresses don't coalesce -> SPDK 33-run cap (NVMF_REQ_MAX_BUFFERS) limits mode-0
## stores to ~33 pages. The contiguous path (mode-8 VRAM) is what scales. (4 KiB
## mode-0 store verified post-reboot: kvpool/6773616e346b size 4096.)

######################################################################
# PROTOTYPE: per-page VRAM P2PDMA addressing (candidate fix for the
# amdgpu KFD crash on GPU-initiated transfers > ~16 MiB)  (2026-06-12)
######################################################################
# Hypothesis: rocm-xio mode-8 treats the VRAM P2PDMA region as ONE contiguous
# run (single phys from REGISTER_BUFFER, which used only sg_dma_address(sgt->sgl)
# = first sg segment). A large hipMalloc VRAM buffer on this APU is physically
# NON-contiguous (carved from system RAM), so PRP entries past segment 0 point
# at the wrong pages -> NVMe DMAs to wrong memory -> GPU faults -> flood/garbage
# into the KFD interrupt ring -> stack smash in kgd2kfd_interrupt -> guest oops.
#
# Fix (3 layers, all COMPILE-CLEAN; kernel .ko built on host vs 6.19 as a syntax
# check only -- the guest needs its own 6.17 build):
#  1. uapi (src/include/rocm-xio-uapi.h): new ioctl ROCM_XIO_GET_BUFFER_PAGES (13)
#     + struct rocm_xio_get_buffer_pages_req {virt_addr, page_addrs, page_size,
#     max_pages, num_pages}.
#  2. kernel (kernel/rocm-xio/rocm-xio.c): handler finds the REGISTER_BUFFER'd
#     entry by virt_addr and walks its KEPT-ALIVE sg_table (same mapping => same
#     IOVAs), emitting one DMA addr per 4 KiB page across ALL segments.
#  3. userspace (src/common/xio-common.hip): the VRAM branch calls the ioctl after
#     exportRegVramBuf and populates bufferInfo->pagePhysAddrs/numPages, so mode-8
#     calculatePrps emits a CHAINED PRP describing the true fragmented layout
#     (SPDK then coalesces contiguous runs). Falls back to contiguous on failure.
#
# Caveat: if VRAM fragments into > 33 physical runs, SPDK's NVMF_REQ_MAX_BUFFERS
# (=33) coalescing cap returns a clean -ERANGE (no corruption) rather than crash.
# Whether the fix actually CURES the KFD crash is UNPROVEN until tested on the GPU.
#
# POST-REBOOT TEST (after stage-64mib-host.sh + launch-gpu-vm.sh):
#   # in guest -- rebuild module against 6.17 + reload, rebuild xio-tester:
#   cd /home/kyle/rocm-xio
#   git pull / re-scp src/include/rocm-xio-uapi.h kernel/rocm-xio/rocm-xio.c \
#       src/common/xio-common.hip src/endpoints/nvme-ep/*   # (host has the edits)
#   make -C /lib/modules/$(uname -r)/build M=$PWD/kernel/rocm-xio modules
#   sudo rmmod rocm_xio 2>/dev/null; sudo insmod kernel/rocm-xio/rocm-xio.ko
#   cmake --build build --target xio-tester
#   # then GPU mode-8 retrieve at 32 MiB and 64 MiB (objects already in kvpool/gpukv
#   # via `rados put`): expect "Resolved N per-page VRAM P2PDMA addrs" + no oops.
